

  the four lines, on batch step at n = 8:
    predict   floor                 3.6532 ms
    measure   measured             12.0823 ms
    divide    measured / floor        3.31    above 1 is the Python and the launches around the weight read. A doubling near 1: the rows are almost free
    double    t(2n) / t(n)            0.95    (about 1: flat, about 2: linear, about 4: quadratic)
.
  the four lines, on engine step at n = 8:
    predict   floor                 3.9506 ms
    measure   measured             11.4418 ms
    divide    measured / floor        2.90    the weights are read one time for all the rows, and the KV cache grows with them, so the doubling is above 1
    double    t(2n) / t(n)            1.22    (about 1: flat, about 2: linear, about 4: quadratic)
.
  the four lines, on blocks at n = 100:
    predict   predicted                  7.00
    measure   measured                   7.00
    divide    measured / predicted      1.000   1.0: a new block comes only when the last one is full
    double    count(2n) / count(n)      1.857
.
  the four lines, on attention call at n = 8:
    predict   floor                 0.3191 ms
    measure   measured              3.9327 ms
    divide    measured / floor       12.33    how far the gather is from the bytes that it must read
    double    t(2n) / t(n)            2.00    (about 1: flat, about 2: linear, about 4: quadratic)
.
  the four lines, on attention call at n = 8:
    predict   floor                 0.3189 ms
    measure   measured              1.2200 ms
    divide    measured / floor        3.83    against stage 07: the same bytes, a new kernel
    double    t(2n) / t(n)            1.50    (about 1: flat, about 2: linear, about 4: quadratic)
.
  the four lines, on attention call at n = 8:
    predict   floor                 0.3191 ms
    measure   measured              0.7475 ms
    divide    measured / floor        2.34    against stage 08: the same bytes, better loads
    double    t(2n) / t(n)            1.15    (about 1: flat, about 2: linear, about 4: quadratic)
.
  the four lines, on attention call at n = 2:
    predict   floor                 0.3190 ms
    measure   measured              0.4409 ms
    divide    measured / floor        1.38    at few sequences: near 1 means that your split gives the whole card work
    double    t(2n) / t(n)            2.07    (about 1: flat, about 2: linear, about 4: quadratic)
.
  the four lines, on prompt tokens computed at n = 10:
    predict   predicted                300.00
    measure   measured                 336.00
    divide    measured / predicted      1.120   above 1: the end of the system prompt shares a block with each question, so it is computed again
    double    count(2n) / count(n)      1.714
.
  the four lines, on steps at n = 8:
    predict   predicted                 21.00
    measure   measured                  21.00
    divide    measured / predicted      1.000   near 1: the requests share each step
    double    count(2n) / count(n)      1.000
.
  the four lines, on prefill steps at n = 200:
    predict   predicted                  4.00
    measure   measured                   4.00
    divide    measured / predicted      1.000   1.0: each step is full until the last chunk
    double    count(2n) / count(n)      1.750
.
  the four lines, on graph replay at n = 4:
    predict   floor                 0.0399 ms
    measure   measured              0.1476 ms
    divide    measured / floor        3.70    above 1: the weights are small, so the launches and the copies set the time
    double    t(2n) / t(n)            0.92    (about 1: flat, about 2: linear, about 4: quadratic)
.
  the four lines, on sampler call at n = 32:
    predict   floor                 0.0462 ms
    measure   measured              3.2739 ms
    divide    measured / floor       70.83    about the passes over the logits, or more if your sampler sorts them
    double    t(2n) / t(n)            2.51    (about 1: flat, about 2: linear, about 4: quadratic)
.
  the four lines, on tokens at n = 1000:
    predict   predicted               2305.60
    measure   measured                2301.00
    divide    measured / predicted      0.998   near 1: the formula predicts what the drafts give
    double    count(2n) / count(n)      1.973
.
  the four lines, on int8 linear call at n = 1:
    predict   floor                 0.3191 ms
    measure   measured              3.1096 ms
    divide    measured / floor        9.74    far above 1: PyTorch builds a bf16 copy of the weight first. Stage 18b removes the copy
    double    t(2n) / t(n)            1.03    (about 1: flat, about 2: linear, about 4: quadratic)
.
  the four lines, on int8 linear call at n = 1:
    predict   floor                 0.3192 ms
    measure   measured              0.3718 ms
    divide    measured / floor        1.16    against stage 18: near 1 at one row, because the kernel reads each int8 weight one time, with no copy
    double    t(2n) / t(n)            0.98    (about 1: flat, about 2: linear, about 4: quadratic)
.
  the four lines, on decode step at n = 2:
    predict   floor                 2.8367 ms
    measure   measured              8.4304 ms
    divide    measured / floor        2.97    how far your eager step is from the bytes that it must read
    double    t(2n) / t(n)            0.91    (about 1: flat, about 2: linear, about 4: quadratic)
.
  the four lines, on decode step at n = 2:
    predict   floor                 2.8364 ms
    measure   measured              4.4900 ms
    divide    measured / floor        1.58    against stage 21: the same bytes, with the launch gaps gone
    double    t(2n) / t(n)            1.01    (about 1: flat, about 2: linear, about 4: quadratic)
.
  the four lines, on decode step at n = 1:
    predict   floor                 1.4236 ms
    measure   measured              2.8677 ms
    divide    measured / floor        2.01    against stage 23: fewer weight bytes, so a lower floor
    double    t(2n) / t(n)            1.12    (about 1: flat, about 2: linear, about 4: quadratic)
.
  the four lines, on decode step at n = 4:
    predict   floor                 3.3922 ms
    measure   measured              5.5487 ms
    divide    measured / floor        1.64    at a long context the KV cache is a large part of the floor, and FP8 halves it
    double    t(2n) / t(n)            1.17    (about 1: flat, about 2: linear, about 4: quadratic)
.
19 passed, 1006 deselected in 26.56s
