
  YOUR ENGINE SO FAR
  memory     given  reserve max_model_len for each sequence
  attention  given  DenseReference: one growing tensor for each sequence
  scheduler  given  first come, first served, no preemption
  launch     given  eager
  sampler    given  argmax only
  text       given  decode each token alone
  metrics    given  none

  You have no part in the engine yet. Stage 06 puts the first one in. This run shows the engine that your parts will replace.


  the workload: 24 requests, 1,408 tokens to generate, a KV pool of 192 blocks of 16 tokens

                                     your engine
  tokens/s                                 129.1
  seconds in steps                          10.9
  steps                                      496
  most requests at once                        3
  peak KV blocks                             192
  prompt tokens computed                   1,781
  prompt tokens from cache                     0
  preemptions                                  0
  tokens computed again                        0
  median step (ms)                          22.6
  longest step (ms)                         31.2
  graph replays                                0
  streams = final text                     23/24

  THE ORACLE  (each request run alone, with the given attention)
  0 real differences in 24 requests.
  10 identical. 14 took another token where the two best tokens scored almost
  the same, so the rounding of the GPU decided. That is normal: a batch adds its
  numbers in a different order than one request alone. Part 0 measures it.

